../Core/Src/main.c:142:10:MAP	24	static
../Core/Src/main.c:147:6:HAL_ADC_ConvCpltCallback	24	static
../Core/Src/main.c:152:10:convert_pid_to_crr	24	static
../Core/Src/main.c:168:7:calculate_pid	24	static
../Core/Src/main.c:192:6:cruiseControl	24	static
../Core/Src/main.c:203:6:adaptiveCruiseControl	40	static
../Core/Src/main.c:246:6:debounceButton	32	static
../Core/Src/main.c:262:6:LCD_StartingScreen	80	static
../Core/Src/main.c:311:6:display	104	static
../Core/Src/main.c:340:6:userControl	24	static
../Core/Src/main.c:352:6:Cmd_Handle	8	static
../Core/Src/main.c:380:6:warningDis	16	static
../Core/Src/main.c:396:6:HAL_GPIO_EXTI_Callback	16	static
../Core/Src/main.c:458:6:HAL_TIM_PeriodElapsedCallback	40	static
../Core/Src/main.c:502:5:main	8	static
../Core/Src/main.c:584:6:SystemClock_Config	88	static
../Core/Src/main.c:630:13:MX_ADC1_Init	24	static
../Core/Src/main.c:682:13:MX_I2C2_Init	8	static
../Core/Src/main.c:716:13:MX_TIM1_Init	48	static
../Core/Src/main.c:775:13:MX_TIM2_Init	56	static
../Core/Src/main.c:824:13:MX_TIM3_Init	64	static
../Core/Src/main.c:883:13:MX_TIM4_Init	32	static
../Core/Src/main.c:928:13:MX_TIM5_Init	32	static
../Core/Src/main.c:973:13:MX_TIM6_Init	16	static
../Core/Src/main.c:1009:13:MX_DMA_Init	16	static
../Core/Src/main.c:1027:13:MX_GPIO_Init	48	static
../Core/Src/main.c:1127:6:Error_Handler	4	static,ignoring_inline_asm
